---
source: tests/parser_tests.rs
expression: "ast.items.iter().map(|i|\n                         print.visit_item(i)).reduce(|a, b|\n                                                         format!(\"{}\\n{}\", a,\n                                                                 b)).unwrap()"

---
[0..3]  fun "[4..7] Spur { key: 1 }"
[9..28] {	
	([17..18] ([16..17] #2) + ([18..19] #3))
	([25..26] #2)
	}
