---
source: tests/parser_tests.rs
expression: "ast.items.iter().map(|i|\n                         print.visit_item(i)).reduce(|a, b|\n                                                         format!(\"{}\\n{}\", a,\n                                                                 b)).unwrap()"

---
[0..3]  fun "[4..7] Spur { key: 1 }"
[9..139] {	
	[16..136] {		
		[27..53] {			
			([42..43] #1)
			}
		[64..92] {			
			[79..82] expr error [79..80] TokenIsntAPrefixToken
			}
		[103..129] {			
			([118..119] #3)
			}
		}
	}
