---
source: tests/tests.rs
expression: "test_util(path, false, true, false)"

---
unif a@0 : int@T2
unif b@1 : int@T2
fun f@2 (a@3 : int@T2)  {
	$a@3
	$b@1
}
fun g@4 ()  {
	$a@0
	$b@1
}

===
