---
source: tests/tests.rs
expression: "test_util(path, false, false, true)"

---
fun asd@0 ()  {
	#true: bool
	#false: bool
}: bool

===
