---
source: tests/tests.rs
expression: "DebugPrint::visit(&ast, Some(&rodeo), Some(&spans), None, None, Some(errors))"

---
[0..4] unif [5..8] asd [8..9] : [10..13] int
[17..20] fun [21..22] a [22..23] ()  [24..26] {
	
}
[30..34] unif [35..38] qwe [38..39] : [40..44] void

===
