---
source: tests/tests.rs
expression: "test_util(path, true, false, false)"

---
[0..3] fun [4..5] g [5..6] ()  [7..45] {
	([14..15] g[15..17] ())
	[23..42] Err
}

===
Expected Identifier. [23..30]
