---
source: tests/tests.rs
expression: "test_util(path, false, false, false)"

---
fun f ()  {
	((#1 as int) + #2)
	((#1 as int) as float)
	(($v).x as float)
	(float4((($id).x as float), #1, #1, #1))
}

===
