---
source: tests/tests.rs
expression: "test_util(path, false, false, true)"

---
fun a@0 () -> void@T1 {
	
}: unit
fun b@1 () -> Undeclared@X {
	
}: unit

===
Undeclared type. [31..41]
