---
source: tests/tests.rs
expression: "test_util(path, false, true, false)"

---
fun test@0 ()  {
	(if $a@1 {
		$a@2
	} else {
		$a@3
	})
}

===
Undeclared variable. [20..21]
Undeclared variable. [23..24]
Undeclared variable. [32..33]
