---
source: tests/tests.rs
expression: "DebugPrint::visit(&ast, Some(&rodeo), None, None, None, Some(errors))"

---
fun a ()  {
	((#1 + #2) - (#3 ** #4))
	(#5 - ((#6 / #7) % #8))
	((#1 * #2) * #3)
	(#1 ** (#2 ** #3))
}

===
