---
source: tests/tests.rs
expression: "test_util(path, false, false, true)"

---
fun a ()  {
	(let a@0 = #3: int): void
	(let b@1 = ($a@0: int + #5: int): int): void
	(let c@2 = {
		($a@0: int + $b@1: int): int
	}: int): void
	(let d@3 = {
		(($a@0: int) = $b@1: int): void
	}: void): void
}: void

===
