---
source: tests/tests.rs
expression: "DebugPrint::visit(&ast, Some(&rodeo), None, None, None, Some(errors))"

---
fun a ()  {
	(let asd = #123)
	(let mut fgh = (#345 + $asd))
	{
		Err
	}
	{
		Err
	}
	{
		(let mut asd = Err)
	}
}

===
Expected Identifier. [71..72]
Expected '='. [96..99]
Expected prefix token. [120..121]
