---
source: tests/tests.rs
expression: "DebugPrint::visit(&ast, Some(&rodeo), None, None, None, Some(errors))"

---
fun d ()  {
	#2
}
Err
fun asd ()  {
	#3
}

===
Expected Identifier. [26..27]
