---
source: tests/tests.rs
expression: "DebugPrint::visit(&ast, Some(&rodeo), None, None, None)"

---
fun asd (parm1 : Tt1, param2 : Tt2) -> i32 {
	
}
